[nkiri/series] 19 candidate shows
  [1/15] OK                     https://thenkiri.com/cobra-kai-s06-complete-tv-series/
  [2/15] OK                     https://thenkiri.com/cobra-kai-s05-complete-tv-series/
  [3/15] NO-CANDIDATE-LINK      https://thenkiri.com/cobra-kai-s01-s02-complete-tv-series/
  [4/15] NO-CANDIDATE-LINK      https://thenkiri.com/cobra-kai-s03-s04-complete-tv-series/
  [5/15] NO-CANDIDATE-LINK      https://thenkiri.com/vincenzo-korean-drama/
  [6/15] OK                     https://thenkiri.com/taxi-driver-s03-complete-korean-drama/
  [7/15] OK                     https://thenkiri.com/ms-incognito-s01-complete-korean-drama/
  [8/15] OK                     https://thenkiri.com/trigger-s01-complete-korean-drama/
  [9/15] OK                     https://thenkiri.com/taxi-driver-complete-korean-drama/
  [10/15] OK                     https://thenkiri.com/squid-game-the-challenge-s02-complete-tv-series/
  [11/15] OK                     https://thenkiri.com/squid-game-s03-complete-korean-drama/
  [12/15] OK                     https://thenkiri.com/squid-game-s02-complete-korean-drama/
  [13/15] OK                     https://thenkiri.com/squid-game-the-challenge-s01-complete-tv-series/
  [14/15] NO-CANDIDATE-LINK      https://thenkiri.com/squid-game-s01-korean-drama/
  [15/15] NO-CANDIDATE-LINK      https://thenkiri.com/money-heist-korea-joint-economic-area-s01-part-1-
[nkiri/series] DONE ok=10 fail=5
[nkiri/movie] 15 candidate shows
  [1/15] OK                     https://thenkiri.com/uncharted-2022-download-hollywood-movie/
  [2/15] OK                     https://thenkiri.com/indiana-jones-and-the-dial-of-desiny-2023-downloa
  [3/15] OK                     https://thenkiri.com/strange-world-2022-download-hollywood-movie/
  [4/15] OK                     https://thenkiri.com/interceptor-2022-download-hollywood-movie/
  [5/15] NO-CANDIDATE-LINK      https://thenkiri.com/loveland-aka-expired-2022-download-hollywood-movi
  [6/15] OK                     https://thenkiri.com/mission-impossible-the-final-reckoning-2025-downl
  [7/15] OK                     https://thenkiri.com/mission-impossible-dead-reckoning-part-one-2023-w
  [8/15] OK                     https://thenkiri.com/mission-impossible-dead-reckoning-part-one-2023-d
  [9/15] OK                     https://thenkiri.com/godzilla-x-kong-the-new-empire-2024-download-holl
  [10/15] OK                     https://thenkiri.com/godzilla-minus-one-2024-download-japanese-movie/
  [11/15] OK                     https://thenkiri.com/godzilla-vs-kong-720p-2021-download-hollywood-mov
  [12/15] OK                     https://thenkiri.com/venom-the-last-dance-2024-download-hollywood-movi
  [13/15] NO-CANDIDATE-LINK      https://thenkiri.com/venom-2-let-there-be-carnage-2021-download-hollyw
  [14/15] OK                     https://thenkiri.com/in-the-lost-lands-2025-download-hollywood-movie/
  [15/15] NO-CANDIDATE-LINK      https://thenkiri.com/morbius-2022-download-hollywood-movie/
[nkiri/movie] DONE ok=12 fail=3
[9jarocks/series] 0 candidate shows
[9jarocks/series] DONE ok=0 fail=0
[9jarocks/movie] 1 candidate shows
  [1/1] OK                     https://9jarocks.net/videodownload/full-movie-fast-furious-8-fate-furi
[9jarocks/movie] DONE ok=1 fail=0
