[pluto/series] 29 candidate shows
  [1/15] OK                     https://plutomovies.com/series/813275/cobra-kai-s06-e15
  [2/15] NO-CANDIDATE-LINK      https://plutomovies.com/series/770004/cobra-kai-season-6
  [3/15] NO-CANDIDATE-LINK      https://plutomovies.com/series/319785/cobra-kai-2018-tv-series
  [4/15] OK                     https://plutomovies.com/series/813274/cobra-kai-s06-e14
  [5/15] OK                     https://plutomovies.com/series/813273/cobra-kai-s06-e13
  [6/15] OK                     https://plutomovies.com/series/813272/cobra-kai-s06-e12
  [7/15] OK                     https://plutomovies.com/series/813271/cobra-kai-s06-e11
  [8/15] OK                     https://plutomovies.com/series/794973/cobra-kai-s06-e10
  [9/15] OK                     https://plutomovies.com/series/794972/cobra-kai-s06-e09
  [10/15] OK                     https://plutomovies.com/series/794971/cobra-kai-s06-e08
  [11/15] OK                     https://plutomovies.com/series/794970/cobra-kai-s06-e07
  [12/15] OK                     https://plutomovies.com/series/794969/cobra-kai-s06-e06
  [13/15] OK                     https://plutomovies.com/series/770011/cobra-kai-s06-e05
  [14/15] FAIL                   https://plutomovies.com/series/770009/cobra-kai-s06-e04
  [15/15] OK                     https://plutomovies.com/series/443796/vincenzo-s01e20
[pluto/series] DONE ok=12 fail=3
[pluto/movie] 22 candidate shows
  [1/15] OK                     https://plutomovies.com/movie/789741/uncharted-2023
  [2/15] OK                     https://plutomovies.com/movie/534094/uncharted-2022
  [3/15] NO-CANDIDATE-LINK      https://plutomovies.com/movie/290496/video-uncharted-prison-brea
  [4/15] FAIL                   https://plutomovies.com/movie/674781/the-divergent-series-insurgen
  [5/15] FAIL                   https://plutomovies.com/movie/674200/divergent-2014
  [6/15] OK                     https://plutomovies.com/movie/760286/the-impossible-2012
  [7/15] OK                     https://plutomovies.com/movie/820192/godzilla-1998
  [8/15] OK                     https://plutomovies.com/movie/755821/godzilla-x-kong-the-new-empire
  [9/15] OK                     https://plutomovies.com/movie/437433/godzilla-vs-kong-2021
  [10/15] OK                     https://plutomovies.com/movie/753761/godzilla-minus-one-2023
  [11/15] OK                     https://plutomovies.com/movie/723379/shin-godzilla-2016-japanese
  [12/15] OK                     https://plutomovies.com/movie/721473/godzilla-2014
  [13/15] FAIL                   https://plutomovies.com/movie/291654/godzilla-king-of-the-monsters
  [14/15] FAIL                   https://plutomovies.com/movie/291065/godzilla-the-planet-eater-201
  [15/15] OK                     https://plutomovies.com/movie/837234/implosion-the-titanic-sub-disa
[pluto/movie] DONE ok=10 fail=5
